mode: set
github.com/blassardoy/restaurant-reservas/reservations-api/internal/service/rabbitmq_publisher.go:31.84,37.45 2 1
github.com/blassardoy/restaurant-reservas/reservations-api/internal/service/rabbitmq_publisher.go:37.45,39.17 2 1
github.com/blassardoy/restaurant-reservas/reservations-api/internal/service/rabbitmq_publisher.go:39.17,40.9 1 0
github.com/blassardoy/restaurant-reservas/reservations-api/internal/service/rabbitmq_publisher.go:42.3,44.19 3 1
github.com/blassardoy/restaurant-reservas/reservations-api/internal/service/rabbitmq_publisher.go:46.2,46.16 1 1
github.com/blassardoy/restaurant-reservas/reservations-api/internal/service/rabbitmq_publisher.go:46.16,48.3 1 1
github.com/blassardoy/restaurant-reservas/reservations-api/internal/service/rabbitmq_publisher.go:50.2,51.16 2 0
github.com/blassardoy/restaurant-reservas/reservations-api/internal/service/rabbitmq_publisher.go:51.16,54.3 2 0
github.com/blassardoy/restaurant-reservas/reservations-api/internal/service/rabbitmq_publisher.go:57.2,66.16 2 0
github.com/blassardoy/restaurant-reservas/reservations-api/internal/service/rabbitmq_publisher.go:66.16,70.3 3 0
github.com/blassardoy/restaurant-reservas/reservations-api/internal/service/rabbitmq_publisher.go:73.2,81.16 2 0
github.com/blassardoy/restaurant-reservas/reservations-api/internal/service/rabbitmq_publisher.go:81.16,85.3 3 0
github.com/blassardoy/restaurant-reservas/reservations-api/internal/service/rabbitmq_publisher.go:88.2,95.16 2 0
github.com/blassardoy/restaurant-reservas/reservations-api/internal/service/rabbitmq_publisher.go:95.16,99.3 3 0
github.com/blassardoy/restaurant-reservas/reservations-api/internal/service/rabbitmq_publisher.go:102.2,109.16 2 0
github.com/blassardoy/restaurant-reservas/reservations-api/internal/service/rabbitmq_publisher.go:109.16,113.3 3 0
github.com/blassardoy/restaurant-reservas/reservations-api/internal/service/rabbitmq_publisher.go:115.2,122.8 2 0
github.com/blassardoy/restaurant-reservas/reservations-api/internal/service/rabbitmq_publisher.go:126.71,128.2 1 0
github.com/blassardoy/restaurant-reservas/reservations-api/internal/service/rabbitmq_publisher.go:131.124,141.16 3 0
github.com/blassardoy/restaurant-reservas/reservations-api/internal/service/rabbitmq_publisher.go:141.16,143.3 1 0
github.com/blassardoy/restaurant-reservas/reservations-api/internal/service/rabbitmq_publisher.go:145.2,162.16 5 0
github.com/blassardoy/restaurant-reservas/reservations-api/internal/service/rabbitmq_publisher.go:162.16,164.3 1 0
github.com/blassardoy/restaurant-reservas/reservations-api/internal/service/rabbitmq_publisher.go:166.2,167.12 2 0
github.com/blassardoy/restaurant-reservas/reservations-api/internal/service/rabbitmq_publisher.go:171.43,172.22 1 0
github.com/blassardoy/restaurant-reservas/reservations-api/internal/service/rabbitmq_publisher.go:172.22,174.3 1 0
github.com/blassardoy/restaurant-reservas/reservations-api/internal/service/rabbitmq_publisher.go:175.2,175.19 1 0
github.com/blassardoy/restaurant-reservas/reservations-api/internal/service/rabbitmq_publisher.go:175.19,177.3 1 0
github.com/blassardoy/restaurant-reservas/reservations-api/internal/service/rabbitmq_publisher.go:178.2,178.12 1 0
github.com/blassardoy/restaurant-reservas/reservations-api/internal/service/reservation_service.go:40.22,47.2 1 1
github.com/blassardoy/restaurant-reservas/reservations-api/internal/service/reservation_service.go:50.135,52.63 1 1
github.com/blassardoy/restaurant-reservas/reservations-api/internal/service/reservation_service.go:52.63,54.3 1 1
github.com/blassardoy/restaurant-reservas/reservations-api/internal/service/reservation_service.go:57.2,62.16 4 1
github.com/blassardoy/restaurant-reservas/reservations-api/internal/service/reservation_service.go:62.16,64.3 1 0
github.com/blassardoy/restaurant-reservas/reservations-api/internal/service/reservation_service.go:67.2,67.45 1 1
github.com/blassardoy/restaurant-reservas/reservations-api/internal/service/reservation_service.go:67.45,68.45 1 1
github.com/blassardoy/restaurant-reservas/reservations-api/internal/service/reservation_service.go:68.45,70.4 1 1
github.com/blassardoy/restaurant-reservas/reservations-api/internal/service/reservation_service.go:74.2,81.16 2 1
github.com/blassardoy/restaurant-reservas/reservations-api/internal/service/reservation_service.go:81.16,83.3 1 0
github.com/blassardoy/restaurant-reservas/reservations-api/internal/service/reservation_service.go:86.2,86.27 1 1
github.com/blassardoy/restaurant-reservas/reservations-api/internal/service/reservation_service.go:86.27,88.3 1 0
github.com/blassardoy/restaurant-reservas/reservations-api/internal/service/reservation_service.go:91.2,94.47 2 1
github.com/blassardoy/restaurant-reservas/reservations-api/internal/service/reservation_service.go:94.47,96.3 1 0
github.com/blassardoy/restaurant-reservas/reservations-api/internal/service/reservation_service.go:99.2,99.57 1 1
github.com/blassardoy/restaurant-reservas/reservations-api/internal/service/reservation_service.go:99.57,101.3 1 0
github.com/blassardoy/restaurant-reservas/reservations-api/internal/service/reservation_service.go:104.2,104.27 1 1
github.com/blassardoy/restaurant-reservas/reservations-api/internal/service/reservation_service.go:104.27,105.13 1 0
github.com/blassardoy/restaurant-reservas/reservations-api/internal/service/reservation_service.go:105.13,106.81 1 0
github.com/blassardoy/restaurant-reservas/reservations-api/internal/service/reservation_service.go:106.81,108.5 1 0
github.com/blassardoy/restaurant-reservas/reservations-api/internal/service/reservation_service.go:112.2,112.26 1 1
github.com/blassardoy/restaurant-reservas/reservations-api/internal/service/reservation_service.go:116.106,118.16 2 1
github.com/blassardoy/restaurant-reservas/reservations-api/internal/service/reservation_service.go:118.16,120.3 1 1
github.com/blassardoy/restaurant-reservas/reservations-api/internal/service/reservation_service.go:122.2,123.16 2 1
github.com/blassardoy/restaurant-reservas/reservations-api/internal/service/reservation_service.go:123.16,125.3 1 0
github.com/blassardoy/restaurant-reservas/reservations-api/internal/service/reservation_service.go:127.2,127.25 1 1
github.com/blassardoy/restaurant-reservas/reservations-api/internal/service/reservation_service.go:131.119,133.2 1 1
github.com/blassardoy/restaurant-reservas/reservations-api/internal/service/reservation_service.go:136.116,138.58 1 1
github.com/blassardoy/restaurant-reservas/reservations-api/internal/service/reservation_service.go:138.58,140.3 1 1
github.com/blassardoy/restaurant-reservas/reservations-api/internal/service/reservation_service.go:142.2,142.40 1 1
github.com/blassardoy/restaurant-reservas/reservations-api/internal/service/reservation_service.go:146.146,148.16 2 1
github.com/blassardoy/restaurant-reservas/reservations-api/internal/service/reservation_service.go:148.16,150.3 1 1
github.com/blassardoy/restaurant-reservas/reservations-api/internal/service/reservation_service.go:153.2,154.16 2 1
github.com/blassardoy/restaurant-reservas/reservations-api/internal/service/reservation_service.go:154.16,156.3 1 0
github.com/blassardoy/restaurant-reservas/reservations-api/internal/service/reservation_service.go:159.2,159.28 1 1
github.com/blassardoy/restaurant-reservas/reservations-api/internal/service/reservation_service.go:159.28,161.3 1 0
github.com/blassardoy/restaurant-reservas/reservations-api/internal/service/reservation_service.go:162.2,162.23 1 1
github.com/blassardoy/restaurant-reservas/reservations-api/internal/service/reservation_service.go:162.23,164.3 1 1
github.com/blassardoy/restaurant-reservas/reservations-api/internal/service/reservation_service.go:165.2,165.25 1 1
github.com/blassardoy/restaurant-reservas/reservations-api/internal/service/reservation_service.go:165.25,167.3 1 0
github.com/blassardoy/restaurant-reservas/reservations-api/internal/service/reservation_service.go:168.2,168.25 1 1
github.com/blassardoy/restaurant-reservas/reservations-api/internal/service/reservation_service.go:168.25,170.3 1 0
github.com/blassardoy/restaurant-reservas/reservations-api/internal/service/reservation_service.go:171.2,171.32 1 1
github.com/blassardoy/restaurant-reservas/reservations-api/internal/service/reservation_service.go:171.32,173.3 1 0
github.com/blassardoy/restaurant-reservas/reservations-api/internal/service/reservation_service.go:174.2,174.23 1 1
github.com/blassardoy/restaurant-reservas/reservations-api/internal/service/reservation_service.go:174.23,176.3 1 0
github.com/blassardoy/restaurant-reservas/reservations-api/internal/service/reservation_service.go:179.2,179.69 1 1
github.com/blassardoy/restaurant-reservas/reservations-api/internal/service/reservation_service.go:179.69,187.17 2 1
github.com/blassardoy/restaurant-reservas/reservations-api/internal/service/reservation_service.go:187.17,189.4 1 0
github.com/blassardoy/restaurant-reservas/reservations-api/internal/service/reservation_service.go:191.3,191.28 1 1
github.com/blassardoy/restaurant-reservas/reservations-api/internal/service/reservation_service.go:191.28,193.4 1 0
github.com/blassardoy/restaurant-reservas/reservations-api/internal/service/reservation_service.go:195.3,195.49 1 1
github.com/blassardoy/restaurant-reservas/reservations-api/internal/service/reservation_service.go:199.2,199.47 1 1
github.com/blassardoy/restaurant-reservas/reservations-api/internal/service/reservation_service.go:199.47,201.3 1 0
github.com/blassardoy/restaurant-reservas/reservations-api/internal/service/reservation_service.go:204.2,204.66 1 1
github.com/blassardoy/restaurant-reservas/reservations-api/internal/service/reservation_service.go:204.66,206.3 1 0
github.com/blassardoy/restaurant-reservas/reservations-api/internal/service/reservation_service.go:209.2,209.27 1 1
github.com/blassardoy/restaurant-reservas/reservations-api/internal/service/reservation_service.go:209.27,210.13 1 0
github.com/blassardoy/restaurant-reservas/reservations-api/internal/service/reservation_service.go:210.13,211.81 1 0
github.com/blassardoy/restaurant-reservas/reservations-api/internal/service/reservation_service.go:211.81,213.5 1 0
github.com/blassardoy/restaurant-reservas/reservations-api/internal/service/reservation_service.go:217.2,217.25 1 1
github.com/blassardoy/restaurant-reservas/reservations-api/internal/service/reservation_service.go:221.86,223.16 2 1
github.com/blassardoy/restaurant-reservas/reservations-api/internal/service/reservation_service.go:223.16,225.3 1 1
github.com/blassardoy/restaurant-reservas/reservations-api/internal/service/reservation_service.go:228.2,228.53 1 1
github.com/blassardoy/restaurant-reservas/reservations-api/internal/service/reservation_service.go:228.53,230.3 1 0
github.com/blassardoy/restaurant-reservas/reservations-api/internal/service/reservation_service.go:233.2,233.27 1 1
github.com/blassardoy/restaurant-reservas/reservations-api/internal/service/reservation_service.go:233.27,234.13 1 0
github.com/blassardoy/restaurant-reservas/reservations-api/internal/service/reservation_service.go:234.13,235.63 1 0
github.com/blassardoy/restaurant-reservas/reservations-api/internal/service/reservation_service.go:235.63,237.5 1 0
github.com/blassardoy/restaurant-reservas/reservations-api/internal/service/reservation_service.go:241.2,241.12 1 1
github.com/blassardoy/restaurant-reservas/reservations-api/internal/service/reservation_service.go:245.148,247.16 2 1
github.com/blassardoy/restaurant-reservas/reservations-api/internal/service/reservation_service.go:247.16,249.3 1 0
github.com/blassardoy/restaurant-reservas/reservations-api/internal/service/reservation_service.go:252.2,253.16 2 1
github.com/blassardoy/restaurant-reservas/reservations-api/internal/service/reservation_service.go:253.16,255.3 1 0
github.com/blassardoy/restaurant-reservas/reservations-api/internal/service/reservation_service.go:258.2,258.50 1 1
github.com/blassardoy/restaurant-reservas/reservations-api/internal/service/reservation_service.go:258.50,260.3 1 1
github.com/blassardoy/restaurant-reservas/reservations-api/internal/service/reservation_service.go:263.2,270.16 2 1
github.com/blassardoy/restaurant-reservas/reservations-api/internal/service/reservation_service.go:270.16,272.3 1 0
github.com/blassardoy/restaurant-reservas/reservations-api/internal/service/reservation_service.go:274.2,274.27 1 1
github.com/blassardoy/restaurant-reservas/reservations-api/internal/service/reservation_service.go:274.27,276.3 1 0
github.com/blassardoy/restaurant-reservas/reservations-api/internal/service/reservation_service.go:279.2,283.66 3 1
github.com/blassardoy/restaurant-reservas/reservations-api/internal/service/reservation_service.go:283.66,285.3 1 0
github.com/blassardoy/restaurant-reservas/reservations-api/internal/service/reservation_service.go:288.2,288.27 1 1
github.com/blassardoy/restaurant-reservas/reservations-api/internal/service/reservation_service.go:288.27,289.13 1 0
github.com/blassardoy/restaurant-reservas/reservations-api/internal/service/reservation_service.go:289.13,290.82 1 0
github.com/blassardoy/restaurant-reservas/reservations-api/internal/service/reservation_service.go:290.82,292.5 1 0
github.com/blassardoy/restaurant-reservas/reservations-api/internal/service/reservation_service.go:296.2,296.25 1 1
github.com/blassardoy/restaurant-reservas/reservations-api/internal/service/reservation_service.go:300.109,302.16 2 1
github.com/blassardoy/restaurant-reservas/reservations-api/internal/service/reservation_service.go:302.16,304.3 1 0
github.com/blassardoy/restaurant-reservas/reservations-api/internal/service/reservation_service.go:306.2,307.16 2 1
github.com/blassardoy/restaurant-reservas/reservations-api/internal/service/reservation_service.go:307.16,309.3 1 0
github.com/blassardoy/restaurant-reservas/reservations-api/internal/service/reservation_service.go:311.2,311.48 1 1
github.com/blassardoy/restaurant-reservas/reservations-api/internal/service/reservation_service.go:311.48,313.3 1 1
github.com/blassardoy/restaurant-reservas/reservations-api/internal/service/reservation_service.go:315.2,317.66 2 1
github.com/blassardoy/restaurant-reservas/reservations-api/internal/service/reservation_service.go:317.66,319.3 1 0
github.com/blassardoy/restaurant-reservas/reservations-api/internal/service/reservation_service.go:321.2,321.27 1 1
github.com/blassardoy/restaurant-reservas/reservations-api/internal/service/reservation_service.go:321.27,322.13 1 0
github.com/blassardoy/restaurant-reservas/reservations-api/internal/service/reservation_service.go:322.13,323.81 1 0
github.com/blassardoy/restaurant-reservas/reservations-api/internal/service/reservation_service.go:323.81,325.5 1 0
github.com/blassardoy/restaurant-reservas/reservations-api/internal/service/reservation_service.go:329.2,329.25 1 1
github.com/blassardoy/restaurant-reservas/reservations-api/internal/service/reservation_service.go:333.130,337.20 3 1
github.com/blassardoy/restaurant-reservas/reservations-api/internal/service/reservation_service.go:337.20,339.3 1 1
github.com/blassardoy/restaurant-reservas/reservations-api/internal/service/reservation_service.go:339.8,341.3 1 0
github.com/blassardoy/restaurant-reservas/reservations-api/internal/service/reservation_service.go:342.2,342.16 1 1
github.com/blassardoy/restaurant-reservas/reservations-api/internal/service/reservation_service.go:342.16,344.3 1 0
github.com/blassardoy/restaurant-reservas/reservations-api/internal/service/reservation_service.go:347.2,348.33 2 1
github.com/blassardoy/restaurant-reservas/reservations-api/internal/service/reservation_service.go:348.33,354.3 1 1
github.com/blassardoy/restaurant-reservas/reservations-api/internal/service/reservation_service.go:357.2,358.16 2 1
github.com/blassardoy/restaurant-reservas/reservations-api/internal/service/reservation_service.go:358.16,360.3 1 0
github.com/blassardoy/restaurant-reservas/reservations-api/internal/service/reservation_service.go:363.2,364.34 2 1
github.com/blassardoy/restaurant-reservas/reservations-api/internal/service/reservation_service.go:364.34,366.46 2 1
github.com/blassardoy/restaurant-reservas/reservations-api/internal/service/reservation_service.go:366.46,367.40 1 1
github.com/blassardoy/restaurant-reservas/reservations-api/internal/service/reservation_service.go:367.40,369.10 2 1
github.com/blassardoy/restaurant-reservas/reservations-api/internal/service/reservation_service.go:372.3,372.18 1 1
github.com/blassardoy/restaurant-reservas/reservations-api/internal/service/reservation_service.go:372.18,374.4 1 1
github.com/blassardoy/restaurant-reservas/reservations-api/internal/service/reservation_service.go:377.2,377.29 1 1
github.com/blassardoy/restaurant-reservas/reservations-api/internal/service/table_service.go:19.104,24.2 1 1
github.com/blassardoy/restaurant-reservas/reservations-api/internal/service/table_service.go:41.104,44.35 2 1
github.com/blassardoy/restaurant-reservas/reservations-api/internal/service/table_service.go:44.35,46.3 1 1
github.com/blassardoy/restaurant-reservas/reservations-api/internal/service/table_service.go:48.2,54.55 2 1
github.com/blassardoy/restaurant-reservas/reservations-api/internal/service/table_service.go:54.55,56.3 1 0
github.com/blassardoy/restaurant-reservas/reservations-api/internal/service/table_service.go:59.2,59.24 1 1
github.com/blassardoy/restaurant-reservas/reservations-api/internal/service/table_service.go:59.24,60.110 1 0
github.com/blassardoy/restaurant-reservas/reservations-api/internal/service/table_service.go:60.110,63.4 1 0
github.com/blassardoy/restaurant-reservas/reservations-api/internal/service/table_service.go:66.2,66.19 1 1
github.com/blassardoy/restaurant-reservas/reservations-api/internal/service/table_service.go:70.92,72.16 2 1
github.com/blassardoy/restaurant-reservas/reservations-api/internal/service/table_service.go:72.16,74.3 1 1
github.com/blassardoy/restaurant-reservas/reservations-api/internal/service/table_service.go:76.2,77.16 2 1
github.com/blassardoy/restaurant-reservas/reservations-api/internal/service/table_service.go:77.16,79.3 1 0
github.com/blassardoy/restaurant-reservas/reservations-api/internal/service/table_service.go:81.2,81.19 1 1
github.com/blassardoy/restaurant-reservas/reservations-api/internal/service/table_service.go:85.82,87.16 2 1
github.com/blassardoy/restaurant-reservas/reservations-api/internal/service/table_service.go:87.16,89.3 1 0
github.com/blassardoy/restaurant-reservas/reservations-api/internal/service/table_service.go:92.2,92.19 1 1
github.com/blassardoy/restaurant-reservas/reservations-api/internal/service/table_service.go:92.19,94.3 1 1
github.com/blassardoy/restaurant-reservas/reservations-api/internal/service/table_service.go:96.2,96.20 1 1
github.com/blassardoy/restaurant-reservas/reservations-api/internal/service/table_service.go:100.106,102.16 2 1
github.com/blassardoy/restaurant-reservas/reservations-api/internal/service/table_service.go:102.16,104.3 1 0
github.com/blassardoy/restaurant-reservas/reservations-api/internal/service/table_service.go:107.2,107.19 1 1
github.com/blassardoy/restaurant-reservas/reservations-api/internal/service/table_service.go:107.19,109.3 1 0
github.com/blassardoy/restaurant-reservas/reservations-api/internal/service/table_service.go:111.2,111.20 1 1
github.com/blassardoy/restaurant-reservas/reservations-api/internal/service/table_service.go:115.115,117.16 2 1
github.com/blassardoy/restaurant-reservas/reservations-api/internal/service/table_service.go:117.16,119.3 1 1
github.com/blassardoy/restaurant-reservas/reservations-api/internal/service/table_service.go:122.2,123.16 2 1
github.com/blassardoy/restaurant-reservas/reservations-api/internal/service/table_service.go:123.16,125.3 1 1
github.com/blassardoy/restaurant-reservas/reservations-api/internal/service/table_service.go:128.2,129.62 2 1
github.com/blassardoy/restaurant-reservas/reservations-api/internal/service/table_service.go:129.62,131.3 1 1
github.com/blassardoy/restaurant-reservas/reservations-api/internal/service/table_service.go:133.2,137.65 4 1
github.com/blassardoy/restaurant-reservas/reservations-api/internal/service/table_service.go:137.65,139.3 1 0
github.com/blassardoy/restaurant-reservas/reservations-api/internal/service/table_service.go:142.2,142.24 1 1
github.com/blassardoy/restaurant-reservas/reservations-api/internal/service/table_service.go:142.24,143.110 1 0
github.com/blassardoy/restaurant-reservas/reservations-api/internal/service/table_service.go:143.110,145.4 1 0
github.com/blassardoy/restaurant-reservas/reservations-api/internal/service/table_service.go:148.2,148.19 1 1
github.com/blassardoy/restaurant-reservas/reservations-api/internal/service/table_service.go:152.74,154.16 2 1
github.com/blassardoy/restaurant-reservas/reservations-api/internal/service/table_service.go:154.16,156.3 1 1
github.com/blassardoy/restaurant-reservas/reservations-api/internal/service/table_service.go:159.2,160.16 2 1
github.com/blassardoy/restaurant-reservas/reservations-api/internal/service/table_service.go:160.16,162.3 1 1
github.com/blassardoy/restaurant-reservas/reservations-api/internal/service/table_service.go:164.2,164.58 1 1
github.com/blassardoy/restaurant-reservas/reservations-api/internal/service/table_service.go:164.58,166.3 1 0
github.com/blassardoy/restaurant-reservas/reservations-api/internal/service/table_service.go:169.2,169.24 1 1
github.com/blassardoy/restaurant-reservas/reservations-api/internal/service/table_service.go:169.24,170.110 1 0
github.com/blassardoy/restaurant-reservas/reservations-api/internal/service/table_service.go:170.110,172.4 1 0
github.com/blassardoy/restaurant-reservas/reservations-api/internal/service/table_service.go:175.2,175.12 1 1
github.com/blassardoy/restaurant-reservas/reservations-api/internal/service/table_service.go:178.64,179.18 1 0
github.com/blassardoy/restaurant-reservas/reservations-api/internal/service/table_service.go:179.18,181.3 1 0
github.com/blassardoy/restaurant-reservas/reservations-api/internal/service/table_service.go:182.2,186.3 1 0
github.com/blassardoy/restaurant-reservas/reservations-api/internal/service/table_service.go:190.109,192.16 2 1
github.com/blassardoy/restaurant-reservas/reservations-api/internal/service/table_service.go:192.16,194.3 1 1
github.com/blassardoy/restaurant-reservas/reservations-api/internal/service/table_service.go:196.2,196.28 1 1
github.com/blassardoy/restaurant-reservas/reservations-api/internal/service/user_client.go:29.48,36.2 1 1
github.com/blassardoy/restaurant-reservas/reservations-api/internal/service/user_client.go:39.56,43.16 3 1
github.com/blassardoy/restaurant-reservas/reservations-api/internal/service/user_client.go:43.16,45.3 1 0
github.com/blassardoy/restaurant-reservas/reservations-api/internal/service/user_client.go:46.2,48.44 2 1
github.com/blassardoy/restaurant-reservas/reservations-api/internal/service/user_client.go:48.44,50.3 1 1
github.com/blassardoy/restaurant-reservas/reservations-api/internal/service/user_client.go:52.2,52.38 1 1
github.com/blassardoy/restaurant-reservas/reservations-api/internal/service/user_client.go:52.38,54.3 1 1
github.com/blassardoy/restaurant-reservas/reservations-api/internal/service/user_client.go:56.2,56.12 1 1
github.com/blassardoy/restaurant-reservas/reservations-api/internal/service/user_client.go:60.68,64.16 3 1
github.com/blassardoy/restaurant-reservas/reservations-api/internal/service/user_client.go:64.16,66.3 1 0
github.com/blassardoy/restaurant-reservas/reservations-api/internal/service/user_client.go:67.2,69.44 2 1
github.com/blassardoy/restaurant-reservas/reservations-api/internal/service/user_client.go:69.44,71.3 1 1
github.com/blassardoy/restaurant-reservas/reservations-api/internal/service/user_client.go:73.2,73.38 1 1
github.com/blassardoy/restaurant-reservas/reservations-api/internal/service/user_client.go:73.38,75.3 1 0
github.com/blassardoy/restaurant-reservas/reservations-api/internal/service/user_client.go:77.2,78.65 2 1
github.com/blassardoy/restaurant-reservas/reservations-api/internal/service/user_client.go:78.65,80.3 1 1
github.com/blassardoy/restaurant-reservas/reservations-api/internal/service/user_client.go:82.2,82.19 1 1
