mode: set
github.com/blassardoy/restaurant-reservas/users-api/internal/service/user_service.go:18.119,24.2 1 1
github.com/blassardoy/restaurant-reservas/users-api/internal/service/user_service.go:27.99,29.38 2 1
github.com/blassardoy/restaurant-reservas/users-api/internal/service/user_service.go:29.38,31.3 1 1
github.com/blassardoy/restaurant-reservas/users-api/internal/service/user_service.go:33.2,34.16 2 1
github.com/blassardoy/restaurant-reservas/users-api/internal/service/user_service.go:34.16,37.3 1 0
github.com/blassardoy/restaurant-reservas/users-api/internal/service/user_service.go:38.2,38.12 1 1
github.com/blassardoy/restaurant-reservas/users-api/internal/service/user_service.go:38.12,40.3 1 1
github.com/blassardoy/restaurant-reservas/users-api/internal/service/user_service.go:42.2,43.16 2 1
github.com/blassardoy/restaurant-reservas/users-api/internal/service/user_service.go:43.16,45.3 1 1
github.com/blassardoy/restaurant-reservas/users-api/internal/service/user_service.go:47.2,48.60 2 1
github.com/blassardoy/restaurant-reservas/users-api/internal/service/user_service.go:48.60,50.3 1 0
github.com/blassardoy/restaurant-reservas/users-api/internal/service/user_service.go:51.2,51.18 1 1
github.com/blassardoy/restaurant-reservas/users-api/internal/service/user_service.go:55.112,57.38 2 1
github.com/blassardoy/restaurant-reservas/users-api/internal/service/user_service.go:57.38,59.3 1 1
github.com/blassardoy/restaurant-reservas/users-api/internal/service/user_service.go:61.2,67.42 2 1
github.com/blassardoy/restaurant-reservas/users-api/internal/service/user_service.go:67.42,69.3 1 1
github.com/blassardoy/restaurant-reservas/users-api/internal/service/user_service.go:69.8,71.3 1 1
github.com/blassardoy/restaurant-reservas/users-api/internal/service/user_service.go:72.2,72.16 1 1
github.com/blassardoy/restaurant-reservas/users-api/internal/service/user_service.go:72.16,74.3 1 1
github.com/blassardoy/restaurant-reservas/users-api/internal/service/user_service.go:76.2,76.63 1 1
github.com/blassardoy/restaurant-reservas/users-api/internal/service/user_service.go:76.63,78.3 1 1
github.com/blassardoy/restaurant-reservas/users-api/internal/service/user_service.go:80.2,81.16 2 1
github.com/blassardoy/restaurant-reservas/users-api/internal/service/user_service.go:81.16,83.3 1 0
github.com/blassardoy/restaurant-reservas/users-api/internal/service/user_service.go:85.2,92.26 3 1
github.com/blassardoy/restaurant-reservas/users-api/internal/service/user_service.go:96.84,98.16 2 1
github.com/blassardoy/restaurant-reservas/users-api/internal/service/user_service.go:98.16,100.3 1 1
github.com/blassardoy/restaurant-reservas/users-api/internal/service/user_service.go:101.2,101.18 1 1
github.com/blassardoy/restaurant-reservas/users-api/internal/service/user_service.go:105.102,107.38 2 1
github.com/blassardoy/restaurant-reservas/users-api/internal/service/user_service.go:107.38,109.3 1 1
github.com/blassardoy/restaurant-reservas/users-api/internal/service/user_service.go:111.2,112.16 2 1
github.com/blassardoy/restaurant-reservas/users-api/internal/service/user_service.go:112.16,114.3 1 0
github.com/blassardoy/restaurant-reservas/users-api/internal/service/user_service.go:115.2,115.12 1 1
github.com/blassardoy/restaurant-reservas/users-api/internal/service/user_service.go:115.12,117.3 1 1
github.com/blassardoy/restaurant-reservas/users-api/internal/service/user_service.go:119.2,120.16 2 1
github.com/blassardoy/restaurant-reservas/users-api/internal/service/user_service.go:120.16,122.3 1 0
github.com/blassardoy/restaurant-reservas/users-api/internal/service/user_service.go:124.2,127.60 3 1
github.com/blassardoy/restaurant-reservas/users-api/internal/service/user_service.go:127.60,129.3 1 0
github.com/blassardoy/restaurant-reservas/users-api/internal/service/user_service.go:130.2,130.18 1 1
