mode: set
github.com/blassardoy/restaurant-reservas/search-api/internal/service/query_builder.go:52.70,58.2 5 1
github.com/blassardoy/restaurant-reservas/search-api/internal/service/query_builder.go:60.45,62.39 2 1
github.com/blassardoy/restaurant-reservas/search-api/internal/service/query_builder.go:62.39,64.3 1 1
github.com/blassardoy/restaurant-reservas/search-api/internal/service/query_builder.go:66.2,66.36 1 1
github.com/blassardoy/restaurant-reservas/search-api/internal/service/query_builder.go:66.36,68.3 1 0
github.com/blassardoy/restaurant-reservas/search-api/internal/service/query_builder.go:70.2,71.22 2 1
github.com/blassardoy/restaurant-reservas/search-api/internal/service/query_builder.go:71.22,73.3 1 0
github.com/blassardoy/restaurant-reservas/search-api/internal/service/query_builder.go:75.2,76.31 2 1
github.com/blassardoy/restaurant-reservas/search-api/internal/service/query_builder.go:76.31,77.54 1 1
github.com/blassardoy/restaurant-reservas/search-api/internal/service/query_builder.go:77.54,79.4 1 1
github.com/blassardoy/restaurant-reservas/search-api/internal/service/query_builder.go:81.2,81.23 1 1
github.com/blassardoy/restaurant-reservas/search-api/internal/service/query_builder.go:81.23,83.3 1 0
github.com/blassardoy/restaurant-reservas/search-api/internal/service/query_builder.go:84.2,84.23 1 1
github.com/blassardoy/restaurant-reservas/search-api/internal/service/query_builder.go:84.23,86.3 1 1
github.com/blassardoy/restaurant-reservas/search-api/internal/service/query_builder.go:87.2,87.39 1 0
github.com/blassardoy/restaurant-reservas/search-api/internal/service/query_builder.go:90.44,92.17 2 1
github.com/blassardoy/restaurant-reservas/search-api/internal/service/query_builder.go:92.17,94.3 1 0
github.com/blassardoy/restaurant-reservas/search-api/internal/service/query_builder.go:95.2,107.37 6 1
github.com/blassardoy/restaurant-reservas/search-api/internal/service/query_builder.go:107.37,109.3 1 0
github.com/blassardoy/restaurant-reservas/search-api/internal/service/query_builder.go:111.2,111.49 1 1
github.com/blassardoy/restaurant-reservas/search-api/internal/service/query_builder.go:111.49,116.3 1 0
github.com/blassardoy/restaurant-reservas/search-api/internal/service/query_builder.go:118.2,118.71 1 1
github.com/blassardoy/restaurant-reservas/search-api/internal/service/query_builder.go:121.68,122.23 1 1
github.com/blassardoy/restaurant-reservas/search-api/internal/service/query_builder.go:122.23,124.3 1 1
github.com/blassardoy/restaurant-reservas/search-api/internal/service/query_builder.go:126.2,127.32 2 0
github.com/blassardoy/restaurant-reservas/search-api/internal/service/query_builder.go:127.32,129.18 2 0
github.com/blassardoy/restaurant-reservas/search-api/internal/service/query_builder.go:129.18,130.12 1 0
github.com/blassardoy/restaurant-reservas/search-api/internal/service/query_builder.go:132.3,132.34 1 0
github.com/blassardoy/restaurant-reservas/search-api/internal/service/query_builder.go:133.27,134.52 1 0
github.com/blassardoy/restaurant-reservas/search-api/internal/service/query_builder.go:135.30,137.39 2 0
github.com/blassardoy/restaurant-reservas/search-api/internal/service/query_builder.go:137.39,139.5 1 0
github.com/blassardoy/restaurant-reservas/search-api/internal/service/query_builder.go:140.27,141.49 1 0
github.com/blassardoy/restaurant-reservas/search-api/internal/service/query_builder.go:141.49,143.5 1 0
github.com/blassardoy/restaurant-reservas/search-api/internal/service/query_builder.go:144.23,145.56 1 0
github.com/blassardoy/restaurant-reservas/search-api/internal/service/query_builder.go:145.56,147.5 1 0
github.com/blassardoy/restaurant-reservas/search-api/internal/service/query_builder.go:148.30,149.49 1 0
github.com/blassardoy/restaurant-reservas/search-api/internal/service/query_builder.go:149.49,151.5 1 0
github.com/blassardoy/restaurant-reservas/search-api/internal/service/query_builder.go:152.11,153.20 1 0
github.com/blassardoy/restaurant-reservas/search-api/internal/service/query_builder.go:157.2,157.19 1 0
github.com/blassardoy/restaurant-reservas/search-api/internal/service/query_builder.go:157.19,159.3 1 0
github.com/blassardoy/restaurant-reservas/search-api/internal/service/query_builder.go:160.2,160.12 1 0
github.com/blassardoy/restaurant-reservas/search-api/internal/service/query_builder.go:163.44,164.49 1 0
github.com/blassardoy/restaurant-reservas/search-api/internal/service/query_builder.go:165.19,166.28 1 0
github.com/blassardoy/restaurant-reservas/search-api/internal/service/query_builder.go:167.22,168.31 1 0
github.com/blassardoy/restaurant-reservas/search-api/internal/service/query_builder.go:169.18,170.28 1 0
github.com/blassardoy/restaurant-reservas/search-api/internal/service/query_builder.go:171.14,172.24 1 0
github.com/blassardoy/restaurant-reservas/search-api/internal/service/query_builder.go:173.31,174.31 1 0
github.com/blassardoy/restaurant-reservas/search-api/internal/service/query_builder.go:175.10,176.13 1 0
github.com/blassardoy/restaurant-reservas/search-api/internal/service/query_builder.go:180.57,182.17 2 1
github.com/blassardoy/restaurant-reservas/search-api/internal/service/query_builder.go:182.17,184.3 1 1
github.com/blassardoy/restaurant-reservas/search-api/internal/service/query_builder.go:185.2,185.43 1 0
github.com/blassardoy/restaurant-reservas/search-api/internal/service/query_builder.go:185.43,187.3 1 0
github.com/blassardoy/restaurant-reservas/search-api/internal/service/query_builder.go:189.2,190.21 2 0
github.com/blassardoy/restaurant-reservas/search-api/internal/service/query_builder.go:190.21,192.3 1 0
github.com/blassardoy/restaurant-reservas/search-api/internal/service/query_builder.go:193.2,193.21 1 0
github.com/blassardoy/restaurant-reservas/search-api/internal/service/query_builder.go:196.39,197.17 1 1
github.com/blassardoy/restaurant-reservas/search-api/internal/service/query_builder.go:197.17,199.3 1 0
github.com/blassardoy/restaurant-reservas/search-api/internal/service/query_builder.go:200.2,200.35 1 1
github.com/blassardoy/restaurant-reservas/search-api/internal/service/query_builder.go:203.41,204.17 1 1
github.com/blassardoy/restaurant-reservas/search-api/internal/service/query_builder.go:204.17,206.3 1 0
github.com/blassardoy/restaurant-reservas/search-api/internal/service/query_builder.go:207.2,207.48 1 1
github.com/blassardoy/restaurant-reservas/search-api/internal/service/query_builder.go:210.39,211.22 1 1
github.com/blassardoy/restaurant-reservas/search-api/internal/service/query_builder.go:211.22,213.3 1 0
github.com/blassardoy/restaurant-reservas/search-api/internal/service/query_builder.go:214.2,216.27 3 1
github.com/blassardoy/restaurant-reservas/search-api/internal/service/query_builder.go:216.27,217.27 1 1
github.com/blassardoy/restaurant-reservas/search-api/internal/service/query_builder.go:217.27,218.12 1 0
github.com/blassardoy/restaurant-reservas/search-api/internal/service/query_builder.go:220.3,221.29 2 1
github.com/blassardoy/restaurant-reservas/search-api/internal/service/query_builder.go:223.2,224.15 2 1
github.com/blassardoy/restaurant-reservas/search-api/internal/service/query_builder.go:227.54,229.17 2 0
github.com/blassardoy/restaurant-reservas/search-api/internal/service/query_builder.go:229.17,231.3 1 0
github.com/blassardoy/restaurant-reservas/search-api/internal/service/query_builder.go:232.2,232.37 1 0
github.com/blassardoy/restaurant-reservas/search-api/internal/service/query_builder.go:232.37,234.3 1 0
github.com/blassardoy/restaurant-reservas/search-api/internal/service/query_builder.go:236.2,243.33 2 0
github.com/blassardoy/restaurant-reservas/search-api/internal/service/query_builder.go:243.33,244.54 1 0
github.com/blassardoy/restaurant-reservas/search-api/internal/service/query_builder.go:244.54,246.4 1 0
github.com/blassardoy/restaurant-reservas/search-api/internal/service/query_builder.go:248.2,248.18 1 0
github.com/blassardoy/restaurant-reservas/search-api/internal/service/query_builder.go:251.55,253.9 2 0
github.com/blassardoy/restaurant-reservas/search-api/internal/service/query_builder.go:253.9,255.3 1 0
github.com/blassardoy/restaurant-reservas/search-api/internal/service/query_builder.go:257.2,258.16 2 0
github.com/blassardoy/restaurant-reservas/search-api/internal/service/query_builder.go:258.16,260.3 1 0
github.com/blassardoy/restaurant-reservas/search-api/internal/service/query_builder.go:262.2,265.94 3 0
github.com/blassardoy/restaurant-reservas/search-api/internal/service/reservation_client.go:17.62,19.2 1 1
github.com/blassardoy/restaurant-reservas/search-api/internal/service/reservation_client.go:21.96,24.19 3 1
github.com/blassardoy/restaurant-reservas/search-api/internal/service/reservation_client.go:24.19,24.38 1 0
github.com/blassardoy/restaurant-reservas/search-api/internal/service/reservation_client.go:25.5,26.41 2 1
github.com/blassardoy/restaurant-reservas/search-api/internal/service/reservation_client.go:26.41,28.6 1 1
github.com/blassardoy/restaurant-reservas/search-api/internal/service/reservation_client.go:29.5,30.67 2 1
github.com/blassardoy/restaurant-reservas/search-api/internal/service/reservation_client.go:30.67,30.86 1 0
github.com/blassardoy/restaurant-reservas/search-api/internal/service/reservation_client.go:31.5,31.21 1 1
github.com/blassardoy/restaurant-reservas/search-api/internal/service/reservation_client.go:34.88,38.19 3 1
github.com/blassardoy/restaurant-reservas/search-api/internal/service/reservation_client.go:38.19,38.38 1 0
github.com/blassardoy/restaurant-reservas/search-api/internal/service/reservation_client.go:39.5,40.41 2 1
github.com/blassardoy/restaurant-reservas/search-api/internal/service/reservation_client.go:40.41,42.6 1 0
github.com/blassardoy/restaurant-reservas/search-api/internal/service/reservation_client.go:43.5,44.68 2 1
github.com/blassardoy/restaurant-reservas/search-api/internal/service/reservation_client.go:44.68,44.87 1 0
github.com/blassardoy/restaurant-reservas/search-api/internal/service/reservation_client.go:45.5,45.21 1 1
github.com/blassardoy/restaurant-reservas/search-api/internal/service/search_service.go:51.17,59.2 1 1
github.com/blassardoy/restaurant-reservas/search-api/internal/service/search_service.go:61.113,64.35 3 1
github.com/blassardoy/restaurant-reservas/search-api/internal/service/search_service.go:64.35,65.52 1 1
github.com/blassardoy/restaurant-reservas/search-api/internal/service/search_service.go:65.52,67.4 1 1
github.com/blassardoy/restaurant-reservas/search-api/internal/service/search_service.go:69.2,70.16 2 1
github.com/blassardoy/restaurant-reservas/search-api/internal/service/search_service.go:70.16,72.3 1 1
github.com/blassardoy/restaurant-reservas/search-api/internal/service/search_service.go:73.2,74.17 2 1
github.com/blassardoy/restaurant-reservas/search-api/internal/service/search_service.go:77.100,79.35 2 1
github.com/blassardoy/restaurant-reservas/search-api/internal/service/search_service.go:79.35,80.76 1 0
github.com/blassardoy/restaurant-reservas/search-api/internal/service/search_service.go:80.76,83.4 2 0
github.com/blassardoy/restaurant-reservas/search-api/internal/service/search_service.go:85.2,86.16 2 1
github.com/blassardoy/restaurant-reservas/search-api/internal/service/search_service.go:86.16,88.3 1 1
github.com/blassardoy/restaurant-reservas/search-api/internal/service/search_service.go:89.2,91.17 3 1
github.com/blassardoy/restaurant-reservas/search-api/internal/service/search_service.go:94.67,98.30 4 1
github.com/blassardoy/restaurant-reservas/search-api/internal/service/search_service.go:98.30,100.3 1 1
github.com/blassardoy/restaurant-reservas/search-api/internal/service/search_service.go:101.2,101.16 1 1
github.com/blassardoy/restaurant-reservas/search-api/internal/service/search_service.go:101.16,103.3 1 0
github.com/blassardoy/restaurant-reservas/search-api/internal/service/search_service.go:104.2,111.8 1 1
github.com/blassardoy/restaurant-reservas/search-api/internal/service/search_service.go:114.41,115.20 1 1
github.com/blassardoy/restaurant-reservas/search-api/internal/service/search_service.go:115.20,117.3 1 1
github.com/blassardoy/restaurant-reservas/search-api/internal/service/search_service.go:120.63,121.20 1 1
github.com/blassardoy/restaurant-reservas/search-api/internal/service/search_service.go:121.20,123.3 1 0
github.com/blassardoy/restaurant-reservas/search-api/internal/service/search_service.go:124.2,124.25 1 1
github.com/blassardoy/restaurant-reservas/search-api/internal/service/search_service.go:127.60,132.57 2 1
github.com/blassardoy/restaurant-reservas/search-api/internal/service/search_service.go:132.57,134.3 1 0
github.com/blassardoy/restaurant-reservas/search-api/internal/service/search_service.go:136.2,136.26 1 1
github.com/blassardoy/restaurant-reservas/search-api/internal/service/search_service.go:136.26,138.3 1 1
github.com/blassardoy/restaurant-reservas/search-api/internal/service/search_service.go:141.2,142.16 2 1
github.com/blassardoy/restaurant-reservas/search-api/internal/service/search_service.go:142.16,144.3 1 0
github.com/blassardoy/restaurant-reservas/search-api/internal/service/search_service.go:145.2,145.22 1 1
github.com/blassardoy/restaurant-reservas/search-api/internal/service/search_service.go:145.22,147.3 1 0
github.com/blassardoy/restaurant-reservas/search-api/internal/service/search_service.go:150.2,151.16 2 1
github.com/blassardoy/restaurant-reservas/search-api/internal/service/search_service.go:151.16,153.3 1 0
github.com/blassardoy/restaurant-reservas/search-api/internal/service/search_service.go:156.2,157.35 2 1
github.com/blassardoy/restaurant-reservas/search-api/internal/service/search_service.go:157.35,158.32 1 1
github.com/blassardoy/restaurant-reservas/search-api/internal/service/search_service.go:158.32,162.4 3 1
github.com/blassardoy/restaurant-reservas/search-api/internal/service/search_service.go:166.2,168.34 3 1
github.com/blassardoy/restaurant-reservas/search-api/internal/service/search_service.go:168.34,171.32 2 1
github.com/blassardoy/restaurant-reservas/search-api/internal/service/search_service.go:171.32,177.18 5 1
github.com/blassardoy/restaurant-reservas/search-api/internal/service/search_service.go:177.18,179.5 1 1
github.com/blassardoy/restaurant-reservas/search-api/internal/service/search_service.go:181.4,181.57 1 1
github.com/blassardoy/restaurant-reservas/search-api/internal/service/search_service.go:181.57,183.5 1 0
github.com/blassardoy/restaurant-reservas/search-api/internal/service/search_service.go:187.2,187.12 1 1
github.com/blassardoy/restaurant-reservas/search-api/internal/service/search_service.go:190.42,191.29 1 1
github.com/blassardoy/restaurant-reservas/search-api/internal/service/search_service.go:191.29,193.3 1 1
github.com/blassardoy/restaurant-reservas/search-api/internal/service/search_service.go:194.2,194.27 1 1
github.com/blassardoy/restaurant-reservas/search-api/internal/service/search_service.go:197.48,202.2 3 1
github.com/blassardoy/restaurant-reservas/search-api/internal/service/search_service.go:204.36,206.2 1 1
github.com/blassardoy/restaurant-reservas/search-api/internal/service/search_service.go:208.57,209.23 1 1
github.com/blassardoy/restaurant-reservas/search-api/internal/service/search_service.go:209.23,211.3 1 1
github.com/blassardoy/restaurant-reservas/search-api/internal/service/search_service.go:212.2,213.25 2 0
github.com/blassardoy/restaurant-reservas/search-api/internal/service/search_service.go:213.25,215.3 1 0
github.com/blassardoy/restaurant-reservas/search-api/internal/service/search_service.go:216.2,218.25 3 0
github.com/blassardoy/restaurant-reservas/search-api/internal/service/search_service.go:218.25,220.3 1 0
github.com/blassardoy/restaurant-reservas/search-api/internal/service/search_service.go:221.2,221.33 1 0
github.com/blassardoy/restaurant-reservas/search-api/internal/service/sync_service.go:29.16,37.2 1 1
github.com/blassardoy/restaurant-reservas/search-api/internal/service/sync_service.go:40.95,45.16 3 1
github.com/blassardoy/restaurant-reservas/search-api/internal/service/sync_service.go:45.16,48.3 2 1
github.com/blassardoy/restaurant-reservas/search-api/internal/service/sync_service.go:51.2,57.26 5 1
github.com/blassardoy/restaurant-reservas/search-api/internal/service/sync_service.go:57.26,58.79 1 1
github.com/blassardoy/restaurant-reservas/search-api/internal/service/sync_service.go:58.79,60.4 1 1
github.com/blassardoy/restaurant-reservas/search-api/internal/service/sync_service.go:60.9,62.4 1 0
github.com/blassardoy/restaurant-reservas/search-api/internal/service/sync_service.go:66.2,69.12 3 1
github.com/blassardoy/restaurant-reservas/search-api/internal/service/sync_service.go:70.27,77.45 5 1
github.com/blassardoy/restaurant-reservas/search-api/internal/service/sync_service.go:79.26,86.46 5 1
github.com/blassardoy/restaurant-reservas/search-api/internal/service/sync_service.go:88.16,92.40 2 1
github.com/blassardoy/restaurant-reservas/search-api/internal/service/sync_service.go:92.40,96.4 3 1
github.com/blassardoy/restaurant-reservas/search-api/internal/service/sync_service.go:96.9,100.4 3 1
github.com/blassardoy/restaurant-reservas/search-api/internal/service/sync_service.go:101.3,101.46 1 1
github.com/blassardoy/restaurant-reservas/search-api/internal/service/sync_service.go:103.10,105.13 2 1
github.com/blassardoy/restaurant-reservas/search-api/internal/service/sync_service.go:108.2,108.22 1 1
github.com/blassardoy/restaurant-reservas/search-api/internal/service/sync_service.go:108.22,111.3 2 0
github.com/blassardoy/restaurant-reservas/search-api/internal/service/sync_service.go:114.2,114.20 1 1
github.com/blassardoy/restaurant-reservas/search-api/internal/service/sync_service.go:114.20,117.3 2 1
github.com/blassardoy/restaurant-reservas/search-api/internal/service/sync_service.go:119.2,120.12 2 1
github.com/blassardoy/restaurant-reservas/search-api/internal/service/sync_service.go:124.127,128.16 3 1
github.com/blassardoy/restaurant-reservas/search-api/internal/service/sync_service.go:128.16,129.21 1 1
github.com/blassardoy/restaurant-reservas/search-api/internal/service/sync_service.go:129.21,132.4 2 1
github.com/blassardoy/restaurant-reservas/search-api/internal/service/sync_service.go:133.3,133.13 1 1
github.com/blassardoy/restaurant-reservas/search-api/internal/service/sync_service.go:136.2,136.12 1 1
github.com/blassardoy/restaurant-reservas/search-api/internal/service/sync_service.go:137.16,138.59 1 1
github.com/blassardoy/restaurant-reservas/search-api/internal/service/sync_service.go:138.59,140.4 1 0
github.com/blassardoy/restaurant-reservas/search-api/internal/service/sync_service.go:141.3,141.107 1 1
github.com/blassardoy/restaurant-reservas/search-api/internal/service/sync_service.go:143.16,144.59 1 1
github.com/blassardoy/restaurant-reservas/search-api/internal/service/sync_service.go:144.59,146.4 1 0
github.com/blassardoy/restaurant-reservas/search-api/internal/service/sync_service.go:147.3,147.107 1 1
github.com/blassardoy/restaurant-reservas/search-api/internal/service/sync_service.go:149.16,150.61 1 1
github.com/blassardoy/restaurant-reservas/search-api/internal/service/sync_service.go:150.61,152.4 1 0
github.com/blassardoy/restaurant-reservas/search-api/internal/service/sync_service.go:153.3,153.87 1 1
github.com/blassardoy/restaurant-reservas/search-api/internal/service/sync_service.go:155.10,156.48 1 0
github.com/blassardoy/restaurant-reservas/search-api/internal/service/sync_service.go:160.2,160.20 1 1
github.com/blassardoy/restaurant-reservas/search-api/internal/service/sync_service.go:160.20,163.3 2 1
github.com/blassardoy/restaurant-reservas/search-api/internal/service/sync_service.go:165.2,165.12 1 1
github.com/blassardoy/restaurant-reservas/search-api/internal/service/sync_service.go:168.40,169.29 1 1
github.com/blassardoy/restaurant-reservas/search-api/internal/service/sync_service.go:169.29,171.3 1 1
github.com/blassardoy/restaurant-reservas/search-api/internal/service/sync_service.go:172.2,172.27 1 1
github.com/blassardoy/restaurant-reservas/search-api/internal/service/sync_service.go:175.89,177.38 2 1
github.com/blassardoy/restaurant-reservas/search-api/internal/service/sync_service.go:177.38,181.57 4 1
github.com/blassardoy/restaurant-reservas/search-api/internal/service/sync_service.go:181.57,183.4 1 0
github.com/blassardoy/restaurant-reservas/search-api/internal/service/sync_service.go:185.2,185.12 1 1
github.com/blassardoy/restaurant-reservas/search-api/internal/service/sync_service.go:188.72,189.21 1 1
github.com/blassardoy/restaurant-reservas/search-api/internal/service/sync_service.go:189.21,191.3 1 1
github.com/blassardoy/restaurant-reservas/search-api/internal/service/sync_service.go:192.2,195.40 4 1
github.com/blassardoy/restaurant-reservas/search-api/internal/service/sync_service.go:195.40,197.3 1 0
github.com/blassardoy/restaurant-reservas/search-api/internal/service/sync_service.go:198.2,198.19 1 1
github.com/blassardoy/restaurant-reservas/search-api/internal/service/sync_service.go:198.19,200.3 1 0
github.com/blassardoy/restaurant-reservas/search-api/internal/service/sync_service.go:201.2,205.3 1 1
github.com/blassardoy/restaurant-reservas/search-api/internal/service/sync_service.go:208.31,209.25 1 1
github.com/blassardoy/restaurant-reservas/search-api/internal/service/sync_service.go:210.15,211.18 1 1
github.com/blassardoy/restaurant-reservas/search-api/internal/service/sync_service.go:212.15,213.18 1 1
github.com/blassardoy/restaurant-reservas/search-api/internal/service/sync_service.go:214.11,215.13 1 1
github.com/blassardoy/restaurant-reservas/search-api/internal/service/sync_service.go:216.13,217.18 1 1
github.com/blassardoy/restaurant-reservas/search-api/internal/service/sync_service.go:218.19,219.40 1 0
github.com/blassardoy/restaurant-reservas/search-api/internal/service/sync_service.go:219.40,221.4 1 0
github.com/blassardoy/restaurant-reservas/search-api/internal/service/sync_service.go:223.2,223.10 1 1
github.com/blassardoy/restaurant-reservas/search-api/internal/service/sync_service.go:226.112,227.52 1 1
github.com/blassardoy/restaurant-reservas/search-api/internal/service/sync_service.go:227.52,229.3 1 1
github.com/blassardoy/restaurant-reservas/search-api/internal/service/sync_service.go:230.2,230.26 1 1
github.com/blassardoy/restaurant-reservas/search-api/internal/service/sync_service.go:230.26,232.3 1 1
github.com/blassardoy/restaurant-reservas/search-api/internal/service/sync_service.go:233.2,234.16 2 1
github.com/blassardoy/restaurant-reservas/search-api/internal/service/sync_service.go:234.16,236.3 1 0
github.com/blassardoy/restaurant-reservas/search-api/internal/service/sync_service.go:237.2,237.19 1 1
github.com/blassardoy/restaurant-reservas/search-api/internal/service/sync_service.go:240.91,241.18 1 1
github.com/blassardoy/restaurant-reservas/search-api/internal/service/sync_service.go:241.18,243.3 1 0
github.com/blassardoy/restaurant-reservas/search-api/internal/service/sync_service.go:244.2,245.57 2 1
github.com/blassardoy/restaurant-reservas/search-api/internal/service/sync_service.go:245.57,247.3 1 0
github.com/blassardoy/restaurant-reservas/search-api/internal/service/sync_service.go:248.2,248.12 1 1
github.com/blassardoy/restaurant-reservas/search-api/internal/service/table_client.go:25.50,27.2 1 1
github.com/blassardoy/restaurant-reservas/search-api/internal/service/table_client.go:29.71,32.16 3 1
github.com/blassardoy/restaurant-reservas/search-api/internal/service/table_client.go:32.16,34.3 1 0
github.com/blassardoy/restaurant-reservas/search-api/internal/service/table_client.go:35.2,36.38 2 1
github.com/blassardoy/restaurant-reservas/search-api/internal/service/table_client.go:36.38,38.3 1 0
github.com/blassardoy/restaurant-reservas/search-api/internal/service/table_client.go:39.2,40.64 2 1
github.com/blassardoy/restaurant-reservas/search-api/internal/service/table_client.go:40.64,42.3 1 0
github.com/blassardoy/restaurant-reservas/search-api/internal/service/table_client.go:43.2,43.18 1 1
github.com/blassardoy/restaurant-reservas/search-api/internal/service/table_client.go:46.63,49.16 3 1
github.com/blassardoy/restaurant-reservas/search-api/internal/service/table_client.go:49.16,51.3 1 0
github.com/blassardoy/restaurant-reservas/search-api/internal/service/table_client.go:52.2,53.38 2 1
github.com/blassardoy/restaurant-reservas/search-api/internal/service/table_client.go:53.38,55.3 1 0
github.com/blassardoy/restaurant-reservas/search-api/internal/service/table_client.go:56.2,57.65 2 1
github.com/blassardoy/restaurant-reservas/search-api/internal/service/table_client.go:57.65,59.3 1 0
github.com/blassardoy/restaurant-reservas/search-api/internal/service/table_client.go:60.2,60.18 1 1
github.com/blassardoy/restaurant-reservas/search-api/internal/service/table_client.go:64.85,66.20 2 1
github.com/blassardoy/restaurant-reservas/search-api/internal/service/table_client.go:66.20,68.3 1 1
github.com/blassardoy/restaurant-reservas/search-api/internal/service/table_client.go:69.2,70.16 2 1
github.com/blassardoy/restaurant-reservas/search-api/internal/service/table_client.go:70.16,72.3 1 0
github.com/blassardoy/restaurant-reservas/search-api/internal/service/table_client.go:73.2,74.38 2 1
github.com/blassardoy/restaurant-reservas/search-api/internal/service/table_client.go:74.38,76.3 1 0
github.com/blassardoy/restaurant-reservas/search-api/internal/service/table_client.go:77.2,78.65 2 1
github.com/blassardoy/restaurant-reservas/search-api/internal/service/table_client.go:78.65,80.3 1 0
github.com/blassardoy/restaurant-reservas/search-api/internal/service/table_client.go:81.2,81.18 1 1
github.com/blassardoy/restaurant-reservas/search-api/internal/service/table_client.go:85.91,87.16 2 1
github.com/blassardoy/restaurant-reservas/search-api/internal/service/table_client.go:87.16,89.3 1 0
github.com/blassardoy/restaurant-reservas/search-api/internal/service/table_client.go:90.2,90.31 1 1
github.com/blassardoy/restaurant-reservas/search-api/internal/service/table_client.go:90.31,91.39 1 1
github.com/blassardoy/restaurant-reservas/search-api/internal/service/table_client.go:91.39,94.4 2 1
github.com/blassardoy/restaurant-reservas/search-api/internal/service/table_client.go:96.2,96.74 1 0
